[2J[001;001H[=3h[2J[001;001H[2J[001;001H[8;042;160t[2J[001;001H[2J[001;001H[8;056;240t[2J[001;001HBdsDxe: loading Boot0002 "UEFI QEMU HARDDISK QM00001 " from PciRoot(0x0)/Pci(0x1F,0x2)/Sata(0x0,0xFFFF,0x0)
BdsDxe: starting Boot0002 "UEFI QEMU HARDDISK QM00001 " from PciRoot(0x0)/Pci(0x1F,0x2)/Sata(0x0,0xFFFF,0x0)
[2J[001;001H[001;001H[2J[001;001H[001;001H[0.000144337] HXNU: x86_64 early bootstrap
[0.002775962] HXNU: log clock source = tsc-fallback (estimated)
[0.003646165] HXNU: Limine protocol handshake ok
[0.004189991] HXNU: HHDM offset = 0xffff800000000000
[0.005359672] HXNU: framebuffer disabled for initrd minimalism, loading from /boot instead
[0.006406402] HXNU: tty console online id=0 outputs=1 framebuffer=no vcs=4 geometry=80x25
[0.007651600] HXNU: memmap entries = 44
[0.008153098] HXNU: first usable region = base 0x0000000000000000, size 640 KiB
[0.009211853] HXNU: usable memory = 516152 KiB
[0.009841889] HXNU: frame regions = 15
[0.010278711] HXNU: allocatable frames = 128878
[0.010904677] HXNU: allocatable memory = 515512 KiB
[0.011548662] HXNU: bootstrap frame = 0x0000000000100000
[0.012176441] HXNU: allocated frames = 1
[0.012742837] HXNU: heap start = 0xffff800000101000
[0.013304608] HXNU: heap size = 128 KiB
[0.013838259] HXNU: boxed value = 0x48584e55
[0.026266929] HXNU: vec len = 5, sum = 14
[0.026776752] HXNU: heap used = 104 bytes
[0.027226894] HXNU: heap allocations = 2
[0.028236846] HXNU: x86_64 descriptor tables loaded cs=0x0028 ds=0x0030 es=0x0030 fs=0x0030 gs=0x0030 ss=0x0030
[0.032707593] HXNU: cpu local-apic=yes x2apic=no tsc-deadline=no invariant-tsc=no nx=yes hypervisor=yes initial-apic-id=0
[0.034412331] HXNU: cpuid vendor=amd vendor-id=AuthenticAMD max-basic=0xd max-extended=0x8000000a
[0.036032080] HXNU: cpuid brand QEMU Virtual CPU version 2.5+
[0.037117512] HXNU: cpuid topology leaf=0x0b x2apic-id=0 smt-shift=0 core-shift=0 threads/core=1 logical/package=1 smt-id=0 core-id=0 package-id=0
[0.039019497] HXNU: cpuid topo level=0 type=smt shift=0 logical=1 x2apic-id=0
[0.039912344] HXNU: cpuid topo level=1 type=core shift=0 logical=1 x2apic-id=0
[0.040899467] HXNU: apic base=0xfee00000 enabled=yes x2apic-mode=no bsp=yes
[0.102328791] HXNU: apic timer interrupt tick=1
[0.103290236] HXNU: apic timer online vector=0x20 divide=16 initial-count=1000000 ticks=1
[0.104466873] HXNU: acpi rsdp response @ 0x1f77e014
[0.107885451] HXNU: acpi online revision=2 oem=BOCHS rsdp=0x1f77e014 root=XSDT @ 0x1f77d0e8
[0.108997597] HXNU: acpi tables total=6 valid=6 invalid=0 madt=yes fadt=yes
[0.110017132] HXNU: acpi madt lapic=0xfee00000 flags=0x00000001 cpus-enabled=1/1 ioapics=1 iso=5 x2apic-cpus=0
[0.111335775] HXNU: acpi cpu0 uid=0 apic=0 mode=xapic enabled=yes online-capable=no
[0.112322676] HXNU: acpi ioapic0 id=0 addr=0xfec00000 gsi-base=0
[0.113080103] HXNU: acpi iso0 source=0 gsi=2 flags=0x0000
[0.114263548] HXNU: smp topology bsp-apic=0 bsp-index=0 cpus=1 enabled=1 online=1 aps=0 bringup-targets=0 x2apic=0
[0.115675616] HXNU: smp current cpu0 uid=0 apic=0 mode=xapic bsp=yes online=yes
[0.116752353] HXNU: acpi fadt revision=3 length=244 profile=unspecified sci=9 smi-cmd=0xb2
[0.117856285] HXNU: acpi power reset=yes hw-reduced=no pm1a-ctl=0x604 pm1b-ctl=0x0
[0.118948525] HXNU: acpi reset-reg space=system-io width=8 offset=0 access=0 addr=0xcf9 value=0x0f
[0.120071771] HXNU: acpi boot-arch flags=0x0002 acpi-enable=0x02 acpi-disable=0x03
[0.121289663] HXNU: procfs online directories=2 files=6 entries=8
[0.122146842] HXNU: devfs online directories=2 nodes=8 entries=10
[0.126657253] HXNU: initrd online modules=1 directories=1 files=1 entries=2 bytes=13312 path=/boot/initrd.cpio label=initrd
[0.129050080] HXNU: block online devices=1 partitions=0 bytes=13312 mbr-devices=0 gpt-devices=0
[0.130298127] HXNU: block device0 id=0 kind=initrd-archive name=initrd0 ro=yes sector-size=512 sectors=26 bytes=13312
[0.131793223] HXNU: fat offline reason=no FAT16/32 partition found
[0.132908625] HXNU: vfs online mounts=3 root-entries=3 directories=4
[0.133748266] HXNU: Searching for .hxext and .hxmd modules...
[0.136888197] HXNU: No .hxext or .hxmd modules found.
[0.139533068] HXNU: init candidate path=/initrd/init mount=initrd format=elf size=12936 executable=yes
[0.143462394] HXNU: init load-prep path=/initrd/init mount=initrd format=elf size=12936 executable=yes entry=0x00000000004001f0 machine=0x003e type=0x0002 ph=5 load=3 load-base=0x0000000000400000 load-offset=0x0000000000001000 load-file=5029 load-mem=5029 load-w=1 load-x=1 align=4096 vm-map=3 vm-bytes=16384 vm-zero=0 vm-start=0x0000000000400000 vm-end=0x0000000000402000 interp=<none> interp-src=<none> interp-ok=no interp-arg=<none>
[0.148608132] HXNU: init vm-map[0] idx=0 off=0x0000000000001000 vaddr=0x0000000000400000..0x0000000000401101 map=0x0000000000400000..0x0000000000402000 page-off=0 file=4353 mem=4353 zero=0 align=4096 perms=r-x
[0.151349906] HXNU: tty virtual consoles online active=tty0 total=4 geometry=80x25 switch-smoke=yes
[0.152533203] HXNU: running exception self-test = breakpoint
[0.153317825] HXNU: exception breakpoint rip=0xffffffff80004d4c rsp=0xffff80001fe16860
[0.154397411] HXNU: breakpoint handler returned
[0.156354859] HXNU: init activation armed=yes entry=0x00000000004001f0 vm=0x0000000000400000..0x0000000000402000 segments=3 bytes=16384 zero=0
[0.173962900] HXNU: scheduler tick=1 current=kernel-bootstrap role=bootstrap id=1 switches=1
[0.188612976] HXNU: scheduler tick=2 current=kernel-idle role=idle id=2 switches=2
[0.203240408] HXNU: scheduler tick=3 current=kernel-bootstrap role=bootstrap id=1 switches=3
[0.205096069] HXNU: scheduler bootstrap online source=local-apic-periodic vector=0x20 divide=16 initial-count=250000 ticks=3 threads=2 runqueue=1 current=kernel-bootstrap#1 pid=1 ppid=0 role=bootstrap switches=3 bootstrap-id=1 idle-id=2
[0.209641815] HXNU: create_user_thread slot=2 init_stack_base=0xffffffff8004c010 before_init rsp=0x0000000000000000
[0.211040304] HXNU: init_user_thread stack_base=0xffffffff8004c010 len=0x4000 aligned_end=0xffffffff80050010 rsp=0xffffffff8004ff70 rsp0=0xffffffff80050010
[0.212780007] HXNU: create_user_thread after_init rsp=0xffffffff8004ff70
[0.213785889] HXNU: init process spawned pid=3 thread_id=3 restart-count=0
[0.214900440] HXNU: tty stats id=0 outputs=1 bytes=5684 lines=64
[0.215693868] HXNU: scheduler stats threads=3 runqueue=2 current=kernel-bootstrap#1 pid=1 ppid=0 state=running ticks=3 switches=3 bootstrap-id=1 idle-id=2
HXNU: linux syscall write() compatibility smoke
[0.222035779] HXNU: syscall bootstrap abi=linux-x86_64-bootstrap write=48 openat=3 read=17 close=0 getpid=1 getppid=0 gettid=1 sched_yield=0 clock_gettime=0 monotonic=0.221157251 uname=0 machine=x86_64 exit-captured=yes exit-status=17
HXNU: ghost syscall write() compatibility smoke
[0.226775479] HXNU: syscall bootstrap abi=ghost-bootstrap write=48 open=4 read=17 close=0 getpid=1 gettid=1 yield=0 uptime-ns=226017978 uname=0 machine=x86_64 exit-captured=yes exit-status=19
HXNU: native syscall log_write() bootstrap smoke
[0.229998290] HXNU: syscall bootstrap abi=hxnu-native-bootstrap log_write=49 open=5 read=17 close=0 process_self=1 thread_self=1 sched_yield=0 uptime-ns=229741473 abi-version=0x10000 exit-captured=yes exit-status=23
HXNU: int 0x80 linux syscall self-test
[0.234435293] HXNU: syscall entry self-test int=0x80 linux_write=39 linux_openat=6 linux_read=17 linux_close=0 linux_getpid=1 ghost_open=7 ghost_read=17 ghost_close=0 ghost_gettid=1 hxnu_open=8 hxnu_read=17 hxnu_close=0 hxnu_abi_version=0x10000
[0.237894275] HXNU: vfs preview root=dev initrd proc
[0.238947480] HXNU: procfs preview version=HXNU 2608 x86_64
[0.240167814] HXNU: procfs preview uptime=0.240106875 0.240106875
[0.241796665] HXNU: procfs preview schedstat=threads 3
[0.244039346] HXNU: devfs preview root=console
[0.246006599] HXNU: initrd preview root=init
[0.248324279] HXNU: initrd preview init=ELF          >    �@     @       H0          @ 8  @ 	             ...
[0.250401755] HXNU: devfs preview console=path /dev/console
[0.251170134] HXNU: Rust kernel skeleton online
heterexec initialized via HXNU
HXNU: stress_test_hps_hook triggered!
[0.253001967] HXNU: HPS_HOOK_CALLED=1
HXNU-INIT: payload online via int 0x80
HXNU-INIT: abi=0x10000 pid=3 tid=3 uptime-ns=256337850
HXNU: stress_test_hps_hook triggered!
HXNU: idle thread entry
[0.260047618] HXNU: scheduler idle loop entered current=kernel-idle role=idle id=2
HXNU: stress_test_hps_hook triggered!
HXNU: stress_test_hps_hook triggered!
HXNU: stress_test_hps_hook triggered!
HXNU: stress_test_hps_hook triggered!
HXNU: stress_test_hps_hook triggered!
HXNU: stress_test_hps_hook triggered!
HXNU: stress_test_hps_hook triggered!
HXNU: stress_test_hps_hook triggered!
HXNU: stress_test_hps_hook triggered!
HXNU: stress_test_hps_hook triggered!
HXNU: stress_test_hps_hook triggered!
HXNU: stress_test_hps_hook triggered!
HXNU: stress_test_hps_hook triggered!
HXNU: stress_test_hps_hook triggered!
HXNU: stress_test_hps_hook triggered!
HXNU: stress_test_hps_hook triggered!
HXNU: stress_test_hps_hook triggered!
HXNU: stress_test_hps_hook triggered!
HXNU: stress_test_hps_hook triggered!
HXNU: stress_test_hps_hook triggered!
HXNU: stress_test_hps_hook triggered!
HXNU: stress_test_hps_hook triggered!
HXNU: stress_test_hps_hook triggered!
HXNU: stress_test_hps_hook triggered!
HXNU: stress_test_hps_hook triggered!
HXNU: stress_test_hps_hook triggered!
HXNU: stress_test_hps_hook triggered!
HXNU: stress_test_hps_hook triggered!
HXNU: stress_test_hps_hook triggered!
HXNU: stress_test_hps_hook triggered!
HXNU: stress_test_hps_hook triggered!
HXNU: stress_test_hps_hook triggered!
HXNU: stress_test_hps_hook triggered!
HXNU: stress_test_hps_hook triggered!
HXNU: stress_test_hps_hook triggered!
HXNU: stress_test_hps_hook triggered!
HXNU: stress_test_hps_hook triggered!
HXNU: stress_test_hps_hook triggered!
HXNU: stress_test_hps_hook triggered!
HXNU: stress_test_hps_hook triggered!
HXNU: stress_test_hps_hook triggered!
HXNU: stress_test_hps_hook triggered!
HXNU: stress_test_hps_hook triggered!
HXNU: stress_test_hps_hook triggered!
HXNU: stress_test_hps_hook triggered!
HXNU: stress_test_hps_hook triggered!
HXNU: stress_test_hps_hook triggered!
HXNU: stress_test_hps_hook triggered!
HXNU: stress_test_hps_hook triggered!
HXNU: stress_test_hps_hook triggered!
HXNU: stress_test_hps_hook triggered!
HXNU: stress_test_hps_hook triggered!
HXNU: stress_test_hps_hook triggered!
HXNU: stress_test_hps_hook triggered!
HXNU: stress_test_hps_hook triggered!
HXNU: stress_test_hps_hook triggered!
HXNU: stress_test_hps_hook triggered!
HXNU: stress_test_hps_hook triggered!
HXNU: stress_test_hps_hook triggered!
HXNU: stress_test_hps_hook triggered!
HXNU: stress_test_hps_hook triggered!
HXNU: stress_test_hps_hook triggered!
HXNU: stress_test_hps_hook triggered!
HXNU: stress_test_hps_hook triggered!
HXNU: stress_test_hps_hook triggered!
HXNU: stress_test_hps_hook triggered!
HXNU: stress_test_hps_hook triggered!
HXNU: stress_test_hps_hook triggered!
HXNU: stress_test_hps_hook triggered!
HXNU: stress_test_hps_hook triggered!
HXNU: stress_test_hps_hook triggered!
HXNU: stress_test_hps_hook triggered!
HXNU: stress_test_hps_hook triggered!
HXNU: stress_test_hps_hook triggered!
HXNU: stress_test_hps_hook triggered!
HXNU: stress_test_hps_hook triggered!
HXNU: stress_test_hps_hook triggered!
HXNU: stress_test_hps_hook triggered!
HXNU: stress_test_hps_hook triggered!
HXNU: stress_test_hps_hook triggered!
HXNU: stress_test_hps_hook triggered!
HXNU: stress_test_hps_hook triggered!
HXNU: stress_test_hps_hook triggered!
HXNU: stress_test_hps_hook triggered!
HXNU: stress_test_hps_hook triggered!
HXNU: stress_test_hps_hook triggered!
HXNU: stress_test_hps_hook triggered!
HXNU: stress_test_hps_hook triggered!
HXNU: stress_test_hps_hook triggered!
HXNU: stress_test_hps_hook triggered!
HXNU: stress_test_hps_hook triggered!
HXNU: stress_test_hps_hook triggered!
HXNU: stress_test_hps_hook triggered!
HXNU: stress_test_hps_hook triggered!
HXNU: stress_test_hps_hook triggered!
HXNU: stress_test_hps_hook triggered!
HXNU: stress_test_hps_hook triggered!
HXNU: stress_test_hps_hook triggered!
HXNU: stress_test_hps_hook triggered!
HXNU: stress_test_hps_hook triggered!
HXNU: stress_test_hps_hook triggered!
HXNU: stress_test_hps_hook triggered!
HXNU: stress_test_hps_hook triggered!
HXNU: stress_test_hps_hook triggered!
HXNU: stress_test_hps_hook triggered!
HXNU: stress_test_hps_hook triggered!
HXNU: stress_test_hps_hook triggered!
HXNU: stress_test_hps_hook triggered!
HXNU: stress_test_hps_hook triggered!
HXNU: stress_test_hps_hook triggered!
HXNU: stress_test_hps_hook triggered!
HXNU: stress_test_hps_hook triggered!
HXNU: stress_test_hps_hook triggered!
HXNU: stress_test_hps_hook triggered!
HXNU: stress_test_hps_hook triggered!
HXNU: stress_test_hps_hook triggered!
HXNU: stress_test_hps_hook triggered!
HXNU: stress_test_hps_hook triggered!
HXNU: stress_test_hps_hook triggered!
HXNU: stress_test_hps_hook triggered!
HXNU: stress_test_hps_hook triggered!
HXNU: stress_test_hps_hook triggered!
HXNU: stress_test_hps_hook triggered!
HXNU: stress_test_hps_hook triggered!
HXNU: stress_test_hps_hook triggered!
HXNU: stress_test_hps_hook triggered!
HXNU: stress_test_hps_hook triggered!
HXNU: stress_test_hps_hook triggered!
HXNU: stress_test_hps_hook triggered!
HXNU: stress_test_hps_hook triggered!
HXNU: stress_test_hps_hook triggered!
HXNU: stress_test_hps_hook triggered!
HXNU: stress_test_hps_hook triggered!
HXNU: stress_test_hps_hook triggered!
HXNU: stress_test_hps_hook triggered!
HXNU: stress_test_hps_hook triggered!
HXNU: stress_test_hps_hook triggered!
HXNU: stress_test_hps_hook triggered!
HXNU: stress_test_hps_hook triggered!
HXNU: stress_test_hps_hook triggered!
HXNU: stress_test_hps_hook triggered!
HXNU: stress_test_hps_hook triggered!
HXNU: stress_test_hps_hook triggered!
HXNU: stress_test_hps_hook triggered!
HXNU: stress_test_hps_hook triggered!
HXNU: stress_test_hps_hook triggered!
HXNU: stress_test_hps_hook triggered!
HXNU: stress_test_hps_hook triggered!
HXNU: stress_test_hps_hook triggered!
HXNU: stress_test_hps_hook triggered!
HXNU: stress_test_hps_hook triggered!
HXNU: stress_test_hps_hook triggered!
HXNU: stress_test_hps_hook triggered!
HXNU: stress_test_hps_hook triggered!
HXNU: stress_test_hps_hook triggered!
HXNU: stress_test_hps_hook triggered!
HXNU: stress_test_hps_hook triggered!
HXNU: stress_test_hps_hook triggered!
HXNU: stress_test_hps_hook triggered!
HXNU: stress_test_hps_hook triggered!
HXNU: stress_test_hps_hook triggered!
HXNU: stress_test_hps_hook triggered!
HXNU: stress_test_hps_hook triggered!
HXNU: stress_test_hps_hook triggered!
HXNU: stress_test_hps_hook triggered!
HXNU: stress_test_hps_hook triggered!
HXNU: stress_test_hps_hook triggered!
HXNU: stress_test_hps_hook triggered!
HXNU: stress_test_hps_hook triggered!
HXNU: stress_test_hps_hook triggered!
HXNU: stress_test_hps_hook triggered!
HXNU: stress_test_hps_hook triggered!
HXNU: stress_test_hps_hook triggered!
HXNU: stress_test_hps_hook triggered!
HXNU: stress_test_hps_hook triggered!
HXNU: stress_test_hps_hook triggered!
HXNU: stress_test_hps_hook triggered!
HXNU: stress_test_hps_hook triggered!
HXNU: stress_test_hps_hook triggered!
HXNU: stress_test_hps_hook triggered!
HXNU: stress_test_hps_hook triggered!
HXNU: stress_test_hps_hook triggered!
HXNU: stress_test_hps_hook triggered!
HXNU: stress_test_hps_hook triggered!
HXNU: stress_test_hps_hook triggered!
HXNU: stress_test_hps_hook triggered!
HXNU: stress_test_hps_hook triggered!
HXNU: stress_test_hps_hook triggered!
HXNU: stress_test_hps_hook triggered!
HXNU: stress_test_hps_hook triggered!
HXNU: stress_test_hps_hook triggered!
HXNU: stress_test_hps_hook triggered!
HXNU: stress_test_hps_hook triggered!
HXNU: stress_test_hps_hook triggered!
HXNU: stress_test_hps_hook triggered!
HXNU: stress_test_hps_hook triggered!
HXNU: stress_test_hps_hook triggered!
HXNU: stress_test_hps_hook triggered!
HXNU: stress_test_hps_hook triggered!
HXNU: stress_test_hps_hook triggered!
HXNU: stress_test_hps_hook triggered!
HXNU: stress_test_hps_hook triggered!
HXNU: stress_test_hps_hook triggered!
HXNU: stress_test_hps_hook triggered!
HXNU: stress_test_hps_hook triggered!
HXNU: stress_test_hps_hook triggered!
HXNU: stress_test_hps_hook triggered!
HXNU: stress_test_hps_hook triggered!
HXNU: stress_test_hps_hook triggered!
HXNU: stress_test_hps_hook triggered!
HXNU: stress_test_hps_hook triggered!
HXNU: stress_test_hps_hook triggered!
HXNU: stress_test_hps_hook triggered!
HXNU: stress_test_hps_hook triggered!
HXNU: stress_test_hps_hook triggered!
HXNU: stress_test_hps_hook triggered!
HXNU: stress_test_hps_hook triggered!
HXNU: stress_test_hps_hook triggered!
HXNU: stress_test_hps_hook triggered!
HXNU: stress_test_hps_hook triggered!
HXNU: stress_test_hps_hook triggered!
HXNU: stress_test_hps_hook triggered!
HXNU: stress_test_hps_hook triggered!
HXNU: stress_test_hps_hook triggered!
HXNU: stress_test_hps_hook triggered!
HXNU: stress_test_hps_hook triggered!
HXNU: stress_test_hps_hook triggered!
HXNU: stress_test_hps_hook triggered!
HXNU: stress_test_hps_hook triggered!
HXNU: stress_test_hps_hook triggered!
HXNU: stress_test_hps_hook triggered!
HXNU: stress_test_hps_hook triggered!
HXNU: stress_test_hps_hook triggered!
HXNU: stress_test_hps_hook triggered!
HXNU: stress_test_hps_hook triggered!
HXNU: stress_test_hps_hook triggered!
HXNU: stress_test_hps_hook triggered!
HXNU: stress_test_hps_hook triggered!
HXNU: stress_test_hps_hook triggered!
HXNU: stress_test_hps_hook triggered!
HXNU: stress_test_hps_hook triggered!
HXNU: stress_test_hps_hook triggered!
HXNU: stress_test_hps_hook triggered!
HXNU: stress_test_hps_hook triggered!
HXNU: stress_test_hps_hook triggered!
HXNU: stress_test_hps_hook triggered!
HXNU: stress_test_hps_hook triggered!
HXNU: stress_test_hps_hook triggered!
HXNU: stress_test_hps_hook triggered!
HXNU: stress_test_hps_hook triggered!
HXNU: stress_test_hps_hook triggered!
HXNU: stress_test_hps_hook triggered!
HXNU: stress_test_hps_hook triggered!
HXNU: stress_test_hps_hook triggered!
HXNU: stress_test_hps_hook triggered!
HXNU: stress_test_hps_hook triggered!
HXNU: stress_test_hps_hook triggered!
HXNU: stress_test_hps_hook triggered!
HXNU: stress_test_hps_hook triggered!
HXNU: stress_test_hps_hook triggered!
HXNU: stress_test_hps_hook triggered!
HXNU: stress_test_hps_hook triggered!
HXNU: stress_test_hps_hook triggered!
HXNU: stress_test_hps_hook triggered!
HXNU: stress_test_hps_hook triggered!
HXNU: stress_test_hps_hook triggered!
HXNU: stress_test_hps_hook triggered!
HXNU: stress_test_hps_hook triggered!
HXNU: stress_test_hps_hook triggered!
HXNU: stress_test_hps_hook triggered!
HXNU: stress_test_hps_hook triggered!
HXNU: stress_test_hps_hook triggered!
HXNU: stress_test_hps_hook triggered!
HXNU: stress_test_hps_hook triggered!
HXNU: stress_test_hps_hook triggered!
HXNU: stress_test_hps_hook triggered!
HXNU: stress_test_hps_hook triggered!
HXNU: stress_test_hps_hook triggered!
HXNU: stress_test_hps_hook triggered!
HXNU: stress_test_hps_hook triggered!
HXNU: stress_test_hps_hook triggered!
HXNU: stress_test_hps_hook triggered!
HXNU: stress_test_hps_hook triggered!
HXNU: stress_test_hps_hook triggered!
HXNU: stress_test_hps_hook triggered!
HXNU: stress_test_hps_hook triggered!
HXNU: stress_test_hps_hook triggered!
HXNU: stress_test_hps_hook triggered!
HXNU: stress_test_hps_hook triggered!
HXNU: stress_test_hps_hook triggered!
HXNU: stress_test_hps_hook triggered!
HXNU: stress_test_hps_hook triggered!
HXNU: stress_test_hps_hook triggered!
HXNU: stress_test_hps_hook triggered!
HXNU: stress_test_hps_hook triggered!
HXNU: stress_test_hps_hook triggered!
HXNU: stress_test_hps_hook triggered!
HXNU: stress_test_hps_hook triggered!
HXNU: stress_test_hps_hook triggered!
HXNU: stress_test_hps_hook triggered!
HXNU: stress_test_hps_hook triggered!
HXNU: stress_test_hps_hook triggered!
HXNU: stress_test_hps_hook triggered!
HXNU: stress_test_hps_hook triggered!
HXNU: stress_test_hps_hook triggered!
HXNU: stress_test_hps_hook triggered!
HXNU: stress_test_hps_hook triggered!
HXNU: stress_test_hps_hook triggered!
HXNU: stress_test_hps_hook triggered!
HXNU: stress_test_hps_hook triggered!
HXNU: stress_test_hps_hook triggered!
HXNU: stress_test_hps_hook triggered!
HXNU: stress_test_hps_hook triggered!
HXNU: stress_test_hps_hook triggered!
HXNU: stress_test_hps_hook triggered!
HXNU: stress_test_hps_hook triggered!
HXNU: stress_test_hps_hook triggered!
HXNU: stress_test_hps_hook triggered!
HXNU: stress_test_hps_hook triggered!
HXNU: stress_test_hps_hook triggered!
HXNU: stress_test_hps_hook triggered!
HXNU: stress_test_hps_hook triggered!
HXNU: stress_test_hps_hook triggered!
HXNU: stress_test_hps_hook triggered!
HXNU: stress_test_hps_hook triggered!
HXNU: stress_test_hps_hook triggered!
HXNU: stress_test_hps_hook triggered!
HXNU: stress_test_hps_hook triggered!
HXNU: stress_test_hps_hook triggered!
HXNU: stress_test_hps_hook triggered!
HXNU: stress_test_hps_hook triggered!
HXNU: stress_test_hps_hook triggered!
HXNU: stress_test_hps_hook triggered!
HXNU: stress_test_hps_hook triggered!
HXNU: stress_test_hps_hook triggered!
HXNU: stress_test_hps_hook triggered!
HXNU: stress_test_hps_hook triggered!
HXNU: stress_test_hps_hook triggered!
HXNU: stress_test_hps_hook triggered!
HXNU: stress_test_hps_hook triggered!
HXNU: stress_test_hps_hook triggered!
HXNU: stress_test_hps_hook triggered!
HXNU: stress_test_hps_hook triggered!
HXNU: stress_test_hps_hook triggered!
HXNU: stress_test_hps_hook triggered!
HXNU: stress_test_hps_hook triggered!
HXNU: stress_test_hps_hook triggered!
HXNU: stress_test_hps_hook triggered!
HXNU: stress_test_hps_hook triggered!
HXNU: stress_test_hps_hook triggered!
HXNU: stress_test_hps_hook triggered!
HXNU: stress_test_hps_hook triggered!
HXNU: stress_test_hps_hook triggered!
HXNU: stress_test_hps_hook triggered!
HXNU: stress_test_hps_hook triggered!
HXNU: stress_test_hps_hook triggered!
HXNU: stress_test_hps_hook triggered!
HXNU: stress_test_hps_hook triggered!
HXNU: stress_test_hps_hook triggered!
HXNU: stress_test_hps_hook triggered!
HXNU: stress_test_hps_hook triggered!
HXNU: stress_test_hps_hook triggered!
HXNU: stress_test_hps_hook triggered!
HXNU: stress_test_hps_hook triggered!
HXNU: stress_test_hps_hook triggered!
HXNU: stress_test_hps_hook triggered!
HXNU: stress_test_hps_hook triggered!
HXNU: stress_test_hps_hook triggered!
HXNU: stress_test_hps_hook triggered!
HXNU: stress_test_hps_hook triggered!
HXNU: stress_test_hps_hook triggered!
HXNU: stress_test_hps_hook triggered!
HXNU: stress_test_hps_hook triggered!
HXNU: stress_test_hps_hook triggered!
HXNU: stress_test_hps_hook triggered!
HXNU: stress_test_hps_hook triggered!
HXNU: stress_test_hps_hook triggered!
HXNU: stress_test_hps_hook triggered!
HXNU: stress_test_hps_hook triggered!
HXNU: stress_test_hps_hook triggered!
HXNU: stress_test_hps_hook triggered!
HXNU: stress_test_hps_hook triggered!
HXNU: stress_test_hps_hook triggered!
HXNU: stress_test_hps_hook triggered!
HXNU: stress_test_hps_hook triggered!
HXNU: stress_test_hps_hook triggered!
HXNU: stress_test_hps_hook triggered!
HXNU: stress_test_hps_hook triggered!
HXNU: stress_test_hps_hook triggered!
HXNU: stress_test_hps_hook triggered!
HXNU: stress_test_hps_hook triggered!
HXNU: stress_test_hps_hook triggered!
HXNU: stress_test_hps_hook triggered!
HXNU: stress_test_hps_hook triggered!
HXNU: stress_test_hps_hook triggered!
HXNU: stress_test_hps_hook triggered!
HXNU: stress_test_hps_hook triggered!
HXNU: stress_test_hps_hook triggered!
HXNU: stress_test_hps_hook triggered!
HXNU: stress_test_hps_hook triggered!
HXNU: stress_test_hps_hook triggered!
HXNU: stress_test_hps_hook triggered!
HXNU: stress_test_hps_hook triggered!
HXNU: stress_test_hps_hook triggered!
HXNU: stress_test_hps_hook triggered!
HXNU: stress_test_hps_hook triggered!
HXNU: stress_test_hps_hook triggered!
HXNU: stress_test_hps_hook triggered!
HXNU: stress_test_hps_hook triggered!
HXNU: stress_test_hps_hook triggered!
HXNU: stress_test_hps_hook triggered!
HXNU: stress_test_hps_hook triggered!
HXNU: stress_test_hps_hook triggered!
HXNU: stress_test_hps_hook triggered!
HXNU: stress_test_hps_hook triggered!
HXNU: stress_test_hps_hook triggered!
HXNU: stress_test_hps_hook triggered!
HXNU: stress_test_hps_hook triggered!
HXNU: stress_test_hps_hook triggered!
HXNU: stress_test_hps_hook triggered!
HXNU: stress_test_hps_hook triggered!
HXNU: stress_test_hps_hook triggered!
HXNU: stress_test_hps_hook triggered!
HXNU: stress_test_hps_hook triggered!
HXNU: stress_test_hps_hook triggered!
HXNU: stress_test_hps_hook triggered!
HXNU: stress_test_hps_hook triggered!
HXNU: stress_test_hps_hook triggered!
HXNU: stress_test_hps_hook triggered!
HXNU: stress_test_hps_hook triggered!
HXNU: stress_test_hps_hook triggered!
HXNU: stress_test_hps_hook triggered!
HXNU: stress_test_hps_hook triggered!
HXNU: stress_test_hps_hook triggered!
HXNU: stress_test_hps_hook triggered!
HXNU: stress_test_hps_hook triggered!
HXNU: stress_test_hps_hook triggered!
HXNU: stress_test_hps_hook triggered!
HXNU: stress_test_hps_hook triggered!
HXNU: stress_test_hps_hook triggered!
HXNU: stress_test_hps_hook triggered!
HXNU: stress_test_hps_hook triggered!
HXNU: stress_test_hps_hook triggered!
HXNU: stress_test_hps_hook triggered!
HXNU: stress_test_hps_hook triggered!
HXNU: stress_test_hps_hook triggered!
HXNU: stress_test_hps_hook triggered!
HXNU: stress_test_hps_hook triggered!
HXNU: stress_test_hps_hook triggered!
HXNU: stress_test_hps_hook triggered!
HXNU: stress_test_hps_hook triggered!
HXNU: stress_test_hps_hook triggered!
HXNU: stress_test_hps_hook triggered!
HXNU: stress_test_hps_hook triggered!
HXNU: stress_test_hps_hook triggered!
HXNU: stress_test_hps_hook triggered!
HXNU: stress_test_hps_hook triggered!
HXNU: stress_test_hps_hook triggered!
HXNU: stress_test_hps_hook triggered!
HXNU: stress_test_hps_hook triggered!
HXNU: stress_test_hps_hook triggered!
HXNU: stress_test_hps_hook triggered!
HXNU: stress_test_hps_hook triggered!
HXNU: stress_test_hps_hook triggered!
HXNU: stress_test_hps_hook triggered!
HXNU: stress_test_hps_hook triggered!
HXNU: stress_test_hps_hook triggered!
HXNU: stress_test_hps_hook triggered!
HXNU: stress_test_hps_hook triggered!
HXNU: stress_test_hps_hook triggered!
HXNU: stress_test_hps_hook triggered!
HXNU: stress_test_hps_hook triggered!
HXNU: stress_test_hps_hook triggered!
HXNU: stress_test_hps_hook triggered!
HXNU: stress_test_hps_hook triggered!
HXNU: stress_test_hps_hook triggered!
HXNU: stress_test_hps_hook triggered!
HXNU: stress_test_hps_hook triggered!
HXNU: stress_test_hps_hook triggered!
HXNU: stress_test_hps_hook triggered!
HXNU: stress_test_hps_hook triggered!
HXNU: stress_test_hps_hook triggered!
HXNU: stress_test_hps_hook triggered!
HXNU: stress_test_hps_hook triggered!
HXNU: stress_test_hps_hook triggered!
HXNU: stress_test_hps_hook triggered!
HXNU: stress_test_hps_hook triggered!
HXNU: stress_test_hps_hook triggered!
HXNU: stress_test_hps_hook triggered!
HXNU: stress_test_hps_hook triggered!
HXNU: stress_test_hps_hook triggered!
HXNU: stress_test_hps_hook triggered!
HXNU: stress_test_hps_hook triggered!
HXNU: stress_test_hps_hook triggered!
HXNU: stress_test_hps_hook triggered!
HXNU: stress_test_hps_hook triggered!
HXNU: stress_test_hps_hook triggered!
HXNU: stress_test_hps_hook triggered!
HXNU: stress_test_hps_hook triggered!
HXNU: stress_test_hps_hook triggered!
HXNU: stress_test_hps_hook triggered!
HXNU: stress_test_hps_hook triggered!
HXNU: stress_test_hps_hook triggered!
HXNU: stress_test_hps_hook triggered!
HXNU: stress_test_hps_hook triggered!
HXNU: stress_test_hps_hook triggered!
HXNU: stress_test_hps_hook triggered!
HXNU: stress_test_hps_hook triggered!
HXNU: stress_test_hps_hook triggered!
HXNU: stress_test_hps_hook triggered!
HXNU: stress_test_hps_hook triggered!
HXNU: stress_test_hps_hook triggered!
HXNU: stress_test_hps_hook triggered!
HXNU: stress_test_hps_hook triggered!
HXNU: stress_test_hps_hook triggered!
HXNU: stress_test_hps_hook triggered!
HXNU: stress_test_hps_hook triggered!
HXNU: stress_test_hps_hook triggered!
HXNU: stress_test_hps_hook triggered!
HXNU: stress_test_hps_hook triggered!
HXNU: stress_test_hps_hook triggered!
HXNU: stress_test_hps_hook triggered!
HXNU: stress_test_hps_hook triggered!
HXNU: stress_test_hps_hook triggered!
HXNU: stress_test_hps_hook triggered!
HXNU: stress_test_hps_hook triggered!
HXNU: stress_test_hps_hook triggered!
HXNU: stress_test_hps_hook triggered!
HXNU: stress_test_hps_hook triggered!
HXNU: stress_test_hps_hook triggered!
HXNU: stress_test_hps_hook triggered!
HXNU: stress_test_hps_hook triggered!
HXNU: stress_test_hps_hook triggered!
HXNU: stress_test_hps_hook triggered!
HXNU: stress_test_hps_hook triggered!
HXNU: stress_test_hps_hook triggered!
HXNU: stress_test_hps_hook triggered!
HXNU: stress_test_hps_hook triggered!
HXNU: stress_test_hps_hook triggered!
HXNU: stress_test_hps_hook triggered!
HXNU: stress_test_hps_hook triggered!
HXNU: stress_test_hps_hook triggered!
HXNU: stress_test_hps_hook triggered!
HXNU: stress_test_hps_hook triggered!
HXNU: stress_test_hps_hook triggered!
HXNU: stress_test_hps_hook triggered!
HXNU: stress_test_hps_hook triggered!
HXNU: stress_test_hps_hook triggered!
HXNU: stress_test_hps_hook triggered!
HXNU: stress_test_hps_hook triggered!
HXNU: stress_test_hps_hook triggered!
HXNU: stress_test_hps_hook triggered!
HXNU: stress_test_hps_hook triggered!
HXNU: stress_test_hps_hook triggered!
HXNU: stress_test_hps_hook triggered!
HXNU: stress_test_hps_hook triggered!
HXNU: stress_test_hps_hook triggered!
HXNU: stress_test_hps_hook triggered!
HXNU: stress_test_hps_hook triggered!
HXNU: stress_test_hps_hook triggered!
HXNU: stress_test_hps_hook triggered!
HXNU: stress_test_hps_hook triggered!
HXNU: stress_test_hps_hook triggered!
HXNU: stress_test_hps_hook triggered!
HXNU: stress_test_hps_hook triggered!
HXNU: stress_test_hps_hook triggered!
HXNU: stress_test_hps_hook triggered!
HXNU: stress_test_hps_hook triggered!
HXNU: stress_test_hps_hook triggered!
HXNU: stress_test_hps_hook triggered!
HXNU: stress_test_hps_hook triggered!
HXNU: stress_test_hps_hook triggered!
HXNU: stress_test_hps_hook triggered!
HXNU: stress_test_hps_hook triggered!
HXNU: stress_test_hps_hook triggered!
HXNU: stress_test_hps_hook triggered!
HXNU: stress_test_hps_hook triggered!
HXNU: stress_test_hps_hook triggered!
HXNU: stress_test_hps_hook triggered!
HXNU: stress_test_hps_hook triggered!
HXNU: stress_test_hps_hook triggered!
HXNU: stress_test_hps_hook triggered!
HXNU: stress_test_hps_hook triggered!
HXNU: stress_test_hps_hook triggered!
HXNU: stress_test_hps_hook triggered!
HXNU: stress_test_hps_hook triggered!
HXNU: stress_test_hps_hook triggered!
HXNU: stress_test_hps_hook triggered!
HXNU: stress_test_hps_hook triggered!
HXNU: stress_test_hps_hook triggered!
HXNU: stress_test_hps_hook triggered!
HXNU: stress_test_hps_hook triggered!
HXNU: stress_test_hps_hook triggered!
HXNU: stress_test_hps_hook triggered!
HXNU: stress_test_hps_hook triggered!
HXNU: stress_test_hps_hook triggered!
HXNU: stress_test_hps_hook triggered!
HXNU: stress_test_hps_hook triggered!
HXNU: stress_test_hps_hook triggered!
HXNU: stress_test_hps_hook triggered!
HXNU: stress_test_hps_hook triggered!
HXNU: stress_test_hps_hook triggered!
HXNU: stress_test_hps_hook triggered!
HXNU: stress_test_hps_hook triggered!
HXNU: stress_test_hps_hook triggered!
HXNU: stress_test_hps_hook triggered!
HXNU: stress_test_hps_hook triggered!
HXNU: stress_test_hps_hook triggered!
HXNU: stress_test_hps_hook triggered!
HXNU: stress_test_hps_hook triggered!
HXNU: stress_test_hps_hook triggered!
HXNU: stress_test_hps_hook triggered!
HXNU: stress_test_hps_hook triggered!
HXNU: stress_test_hps_hook triggered!
HXNU: stress_test_hps_hook triggered!
HXNU: stress_test_hps_hook triggered!
HXNU: stress_test_hps_hook triggered!
HXNU: stress_test_hps_hook triggered!
HXNU: stress_test_hps_hook triggered!
HXNU: stress_test_hps_hook triggered!
HXNU: stress_test_hps_hook triggered!
HXNU: stress_test_hps_hook triggered!
HXNU: stress_test_hps_hook triggered!
HXNU: stress_test_hps_hook triggered!
HXNU: stress_test_hps_hook triggered!
HXNU: stress_test_hps_hook triggered!
HXNU: stress_test_hps_hook triggered!
HXNU: stress_test_hps_hook triggered!
HXNU: stress_test_hps_hook triggered!
HXNU: stress_test_hps_hook triggered!
HXNU: stress_test_hps_hook triggered!
HXNU: stress_test_hps_hook triggered!
HXNU: stress_test_hps_hook triggered!
HXNU: stress_test_hps_hook triggered!
HXNU: stress_test_hps_hook triggered!
HXNU: stress_test_hps_hook triggered!
HXNU: stress_test_hps_hook triggered!
HXNU: stress_test_hps_hook triggered!
HXNU: stress_test_hps_hook triggered!
HXNU: stress_test_hps_hook triggered!
HXNU: stress_test_hps_hook triggered!
HXNU: stress_test_hps_hook triggered!
HXNU: stress_test_hps_hook triggered!
HXNU: stress_test_hps_hook triggered!
HXNU: stress_test_hps_hook triggered!
HXNU: stress_test_hps_hook triggered!
HXNU: stress_test_hps_hook triggered!
HXNU: stress_test_hps_hook triggered!
HXNU: stress_test_hps_hook triggered!
HXNU: stress_test_hps_hook triggered!
HXNU: stress_test_hps_hook triggered!
HXNU: stress_test_hps_hook triggered!
HXNU: stress_test_hps_hook triggered!
HXNU: stress_test_hps_hook triggered!
HXNU: stress_test_hps_hook triggered!
HXNU: stress_test_hps_hook triggered!
HXNU: stress_test_hps_hook triggered!
HXNU: stress_test_hps_hook triggered!
HXNU: stress_test_hps_hook triggered!
HXNU: stress_test_hps_hook triggered!
HXNU: stress_test_hps_hook triggered!
HXNU: stress_test_hps_hook triggered!
HXNU: stress_test_hps_hook triggered!
HXNU: stress_test_hps_hook triggered!
HXNU: stress_test_hps_hook triggered!
HXNU: stress_test_hps_hook triggered!
HXNU: stress_test_hps_hook triggered!
HXNU: stress_test_hps_hook triggered!
HXNU: stress_test_hps_hook triggered!
HXNU: stress_test_hps_hook triggered!
HXNU: stress_test_hps_hook triggered!
HXNU: stress_test_hps_hook triggered!
HXNU: stress_test_hps_hook triggered!
HXNU: stress_test_hps_hook triggered!
HXNU: stress_test_hps_hook triggered!
HXNU: stress_test_hps_hook triggered!
HXNU: stress_test_hps_hook triggered!
HXNU: stress_test_hps_hook triggered!
HXNU: stress_test_hps_hook triggered!
HXNU: stress_test_hps_hook triggered!
HXNU: stress_test_hps_hook triggered!
HXNU: stress_test_hps_hook triggered!
HXNU: stress_test_hps_hook triggered!
HXNU: stress_test_hps_hook triggered!
HXNU: stress_test_hps_hook triggered!
HXNU: stress_test_hps_hook triggered!
HXNU: stress_test_hps_hook triggered!
HXNU: stress_test_hps_hook triggered!
HXNU: stress_test_hps_hook triggered!
HXNU: stress_test_hps_hook triggered!
HXNU: stress_test_hps_hook triggered!
HXNU: stress_test_hps_hook triggered!
HXNU: stress_test_hps_hook triggered!
HXNU: stress_test_hps_hook triggered!
HXNU: stress_test_hps_hook triggered!
HXNU: stress_test_hps_hook triggered!
HXNU: stress_test_hps_hook triggered!
HXNU: stress_test_hps_hook triggered!
HXNU: stress_test_hps_hook triggered!
HXNU: stress_test_hps_hook triggered!
HXNU: stress_test_hps_hook triggered!
HXNU: stress_test_hps_hook triggered!
HXNU: stress_test_hps_hook triggered!
HXNU: stress_test_hps_hook triggered!
HXNU: stress_test_hps_hook triggered!
HXNU: stress_test_hps_hook triggered!
HXNU: stress_test_hps_hook triggered!
HXNU: stress_test_hps_hook triggered!
HXNU: stress_test_hps_hook triggered!
HXNU: stress_test_hps_hook triggered!
HXNU: stress_test_hps_hook triggered!
HXNU: stress_test_hps_hook triggered!
HXNU: stress_test_hps_hook triggered!
HXNU: stress_test_hps_hook triggered!
HXNU: stress_test_hps_hook triggered!
HXNU: stress_test_hps_hook triggered!
HXNU: stress_test_hps_hook triggered!
HXNU: stress_test_hps_hook triggered!
HXNU: stress_test_hps_hook triggered!
HXNU: stress_test_hps_hook triggered!
HXNU: stress_test_hps_hook triggered!
HXNU: stress_test_hps_hook triggered!
HXNU: stress_test_hps_hook triggered!
HXNU: stress_test_hps_hook triggered!
HXNU: stress_test_hps_hook triggered!
HXNU: stress_test_hps_hook triggered!
HXNU: stress_test_hps_hook triggered!
HXNU: stress_test_hps_hook triggered!
HXNU: stress_test_hps_hook triggered!
HXNU: stress_test_hps_hook triggered!
HXNU: stress_test_hps_hook triggered!
HXNU: stress_test_hps_hook triggered!
HXNU: stress_test_hps_hook triggered!
HXNU: stress_test_hps_hook triggered!
HXNU: stress_test_hps_hook triggered!
HXNU: stress_test_hps_hook triggered!
HXNU: stress_test_hps_hook triggered!
HXNU: stress_test_hps_hook triggered!
HXNU: stress_test_hps_hook triggered!
HXNU: stress_test_hps_hook triggered!
HXNU: stress_test_hps_hook triggered!
HXNU: stress_test_hps_hook triggered!
HXNU: stress_test_hps_hook triggered!
HXNU: stress_test_hps_hook triggered!
HXNU: stress_test_hps_hook triggered!
HXNU: stress_test_hps_hook triggered!
HXNU: stress_test_hps_hook triggered!
HXNU: stress_test_hps_hook triggered!
HXNU: stress_test_hps_hook triggered!
HXNU: stress_test_hps_hook triggered!
HXNU: stress_test_hps_hook triggered!
HXNU: stress_test_hps_hook triggered!
HXNU: stress_test_hps_hook triggered!
HXNU: stress_test_hps_hook triggered!
HXNU: stress_test_hps_hook triggered!
HXNU: stress_test_hps_hook triggered!
HXNU: stress_test_hps_hook triggered!
HXNU: stress_test_hps_hook triggered!
HXNU: stress_test_hps_hook triggered!
HXNU: stress_test_hps_hook triggered!
HXNU: stress_test_hps_hook triggered!
HXNU: stress_test_hps_hook triggered!
HXNU: stress_test_hps_hook triggered!
HXNU: stress_test_hps_hook triggered!
HXNU: stress_test_hps_hook triggered!
HXNU: stress_test_hps_hook triggered!
HXNU: stress_test_hps_hook triggered!
HXNU: stress_test_hps_hook triggered!
HXNU: stress_test_hps_hook triggered!
HXNU: stress_test_hps_hook triggered!
HXNU: stress_test_hps_hook triggered!
HXNU: stress_test_hps_hook triggered!
HXNU: stress_test_hps_hook triggered!
HXNU: stress_test_hps_hook triggered!
HXNU: stress_test_hps_hook triggered!
HXNU: stress_test_hps_hook triggered!
HXNU: stress_test_hps_hook triggered!
HXNU: stress_test_hps_hook triggered!
HXNU: stress_test_hps_hook triggered!
HXNU: stress_test_hps_hook triggered!
HXNU: stress_test_hps_hook triggered!
HXNU: stress_test_hps_hook triggered!
HXNU: stress_test_hps_hook triggered!
HXNU: stress_test_hps_hook triggered!
HXNU: stress_test_hps_hook triggered!
HXNU: stress_test_hps_hook triggered!
HXNU: stress_test_hps_hook triggered!
HXNU: stress_test_hps_hook triggered!
HXNU: stress_test_hps_hook triggered!
HXNU: stress_test_hps_hook triggered!
HXNU: stress_test_hps_hook triggered!
HXNU: stress_test_hps_hook triggered!
HXNU: stress_test_hps_hook triggered!
HXNU: stress_test_hps_hook triggered!
HXNU: stress_test_hps_hook triggered!
HXNU: stress_test_hps_hook triggered!
HXNU: stress_test_hps_hook triggered!
HXNU: stress_test_hps_hook triggered!
HXNU: stress_test_hps_hook triggered!
HXNU: stress_test_hps_hook triggered!
HXNU: stress_test_hps_hook triggered!
HXNU: stress_test_hps_hook triggered!
HXNU: stress_test_hps_hook triggered!
HXNU: stress_test_hps_hook triggered!
HXNU: stress_test_hps_hook triggered!
HXNU: stress_test_hps_hook triggered!
HXNU: stress_test_hps_hook triggered!
HXNU: stress_test_hps_hook triggered!
HXNU: stress_test_hps_hook triggered!
HXNU: stress_test_hps_hook triggered!
HXNU: stress_test_hps_hook triggered!
HXNU: stress_test_hps_hook triggered!
HXNU: stress_test_hps_hook triggered!
HXNU: stress_test_hps_hook triggered!
HXNU: stress_test_hps_hook triggered!
HXNU: stress_test_hps_hook triggered!
HXNU: stress_test_hps_hook triggered!
HXNU: stress_test_hps_hook triggered!
HXNU: stress_test_hps_hook triggered!
HXNU: stress_test_hps_hook triggered!
HXNU: stress_test_hps_hook triggered!
HXNU: stress_test_hps_hook triggered!
HXNU: stress_test_hps_hook triggered!
HXNU: stress_test_hps_hook triggered!
HXNU: stress_test_hps_hook triggered!
HXNU: stress_test_hps_hook triggered!
HXNU: stress_test_hps_hook triggered!
HXNU: stress_test_hps_hook triggered!
HXNU: stress_test_hps_hook triggered!
HXNU: stress_test_hps_hook triggered!
HXNU: stress_test_hps_hook triggered!
HXNU: stress_test_hps_hook triggered!
HXNU: stress_test_hps_hook triggered!
HXNU: stress_test_hps_hook triggered!
HXNU: stress_test_hps_hook triggered!
HXNU: stress_test_hps_hook triggered!
HXNU: stress_test_hps_hook triggered!
HXNU: stress_test_hps_hook triggered!
HXNU: stress_test_hps_hook triggered!
HXNU: stress_test_hps_hook triggered!
HXNU: stress_test_hps_hook triggered!
HXNU: stress_test_hps_hook triggered!
HXNU: stress_test_hps_hook triggered!
HXNU: stress_test_hps_hook triggered!
HXNU: stress_test_hps_hook triggered!
HXNU: stress_test_hps_hook triggered!
HXNU: stress_test_hps_hook triggered!
HXNU: stress_test_hps_hook triggered!
HXNU: stress_test_hps_hook triggered!
HXNU: stress_test_hps_hook triggered!
HXNU: stress_test_hps_hook triggered!
HXNU: stress_test_hps_hook triggered!
HXNU: stress_test_hps_hook triggered!
HXNU: stress_test_hps_hook triggered!
HXNU: stress_test_hps_hook triggered!
HXNU: stress_test_hps_hook triggered!
HXNU: stress_test_hps_hook triggered!
HXNU: stress_test_hps_hook triggered!
HXNU: stress_test_hps_hook triggered!
HXNU: stress_test_hps_hook triggered!
HXNU: stress_test_hps_hook triggered!
HXNU: stress_test_hps_hook triggered!
HXNU: stress_test_hps_hook triggered!
HXNU: stress_test_hps_hook triggered!
HXNU: stress_test_hps_hook triggered!
HXNU: stress_test_hps_hook triggered!
HXNU: stress_test_hps_hook triggered!
HXNU: stress_test_hps_hook triggered!
HXNU: stress_test_hps_hook triggered!
HXNU: stress_test_hps_hook triggered!
HXNU: stress_test_hps_hook triggered!
HXNU: stress_test_hps_hook triggered!
HXNU: stress_test_hps_hook triggered!
HXNU: stress_test_hps_hook triggered!
HXNU: stress_test_hps_hook triggered!
HXNU: stress_test_hps_hook triggered!
HXNU: stress_test_hps_hook triggered!
HXNU: stress_test_hps_hook triggered!
HXNU: stress_test_hps_hook triggered!
HXNU: stress_test_hps_hook triggered!
HXNU: stress_test_hps_hook triggered!
HXNU: stress_test_hps_hook triggered!
HXNU: stress_test_hps_hook triggered!
HXNU: stress_test_hps_hook triggered!
HXNU: stress_test_hps_hook triggered!
HXNU: stress_test_hps_hook triggered!
HXNU: stress_test_hps_hook triggered!
HXNU: stress_test_hps_hook triggered!
HXNU: stress_test_hps_hook triggered!
HXNU: stress_test_hps_hook triggered!
HXNU: stress_test_hps_hook triggered!
HXNU: stress_test_hps_hook triggered!
HXNU: stress_test_hps_hook triggered!
HXNU: stress_test_hps_hook triggered!
HXNU: stress_test_hps_hook triggered!
HXNU: stress_test_hps_hook triggered!
HXNU: stress_test_hps_hook triggered!
HXNU: stress_test_hps_hook triggered!
HXNU: stress_test_hps_hook triggered!
HXNU: stress_test_hps_hook triggered!
HXNU: stress_test_hps_hook triggered!
HXNU: stress_test_hps_hook triggered!
HXNU: stress_test_hps_hook triggered!
HXNU: stress_test_hps_hook triggered!
HXNU: stress_test_hps_hook triggered!
HXNU: stress_test_hps_hook triggered!
HXNU: stress_test_hps_hook triggered!
HXNU: stress_test_hps_hook triggered!
HXNU: stress_test_hps_hook triggered!
HXNU: stress_test_hps_hook triggered!
HXNU: stress_test_hps_hook triggered!
HXNU: stress_test_hps_hook triggered!
HXNU: stress_test_hps_hook triggered!
HXNU: stress_test_hps_hook triggered!
HXNU: stress_test_hps_hook triggered!
HXNU: stress_test_hps_hook triggered!
HXNU: stress_test_hps_hook triggered!
HXNU: stress_test_hps_hook triggered!
HXNU: stress_test_hps_hook triggered!
HXNU: stress_test_hps_hook triggered!
HXNU: stress_test_hps_hook triggered!
HXNU: stress_test_hps_hook triggered!
HXNU: stress_test_hps_hook triggered!
HXNU: stress_test_hps_hook triggered!
HXNU: stress_test_hps_hook triggered!
HXNU: stress_test_hps_hook triggered!
HXNU: stress_test_hps_hook triggered!
HXNU: stress_test_hps_hook triggered!
HXNU: stress_test_hps_hook triggered!
HXNU: stress_test_hps_hook triggered!
HXNU: stress_test_hps_hook triggered!
HXNU: stress_test_hps_hook triggered!
HXNU: stress_test_hps_hook triggered!
HXNU: stress_test_hps_hook triggered!
HXNU: stress_test_hps_hook triggered!
HXNU: stress_test_hps_hook triggered!
HXNU: stress_test_hps_hook triggered!
HXNU: stress_test_hps_hook triggered!
HXNU: stress_test_hps_hook triggered!
HXNU: stress_test_hps_hook triggered!
HXNU: stress_test_hps_hook triggered!
HXNU: stress_test_hps_hook triggered!
HXNU: stress_test_hps_hook triggered!
HXNU: stress_test_hps_hook triggered!
HXNU: stress_test_hps_hook triggered!
HXNU: stress_test_hps_hook triggered!
HXNU: stress_test_hps_hook triggered!
HXNU: stress_test_hps_hook triggered!
HXNU: stress_test_hps_hook triggered!
HXNU: stress_test_hps_hook triggered!
HXNU: stress_test_hps_hook triggered!
HXNU: stress_test_hps_hook triggered!
HXNU: stress_test_hps_hook triggered!
HXNU: stress_test_hps_hook triggered!
HXNU: stress_test_hps_hook triggered!
HXNU: stress_test_hps_hook triggered!
HXNU: stress_test_hps_hook triggered!
HXNU: stress_test_hps_hook triggered!
HXNU: stress_test_hps_hook triggered!
HXNU: stress_test_hps_hook triggered!
HXNU: stress_test_hps_hook triggered!
HXNU: stress_test_hps_hook triggered!
HXNU: stress_test_hps_hook triggered!
HXNU: stress_test_hps_hook triggered!
HXNU: stress_test_hps_hook triggered!
HXNU: stress_test_hps_hook triggered!
HXNU: stress_test_hps_hook triggered!
HXNU: stress_test_hps_hook triggered!
HXNU: stress_test_hps_hook triggered!
HXNU: stress_test_hps_hook triggered!
HXNU: stress_test_hps_hook triggered!
HXNU: stress_test_hps_hook triggered!
HXNU: stress_test_hps_hook triggered!
HXNU: stress_test_hps_hook triggered!
HXNU: stress_test_hps_hook triggered!
HXNU: stress_test_hps_hook triggered!
HXNU: stress_test_hps_hook triggered!
HXNU: stress_test_hps_hook triggered!
HXNU: stress_test_hps_hook triggered!
HXNU: stress_test_hps_hook triggered!
HXNU: stress_test_hps_hook triggered!
HXNU: stress_test_hps_hook triggered!
HXNU: stress_test_hps_hook triggered!
HXNU: stress_test_hps_hook triggered!
HXNU: stress_test_hps_hook triggered!
HXNU: stress_test_hps_hook triggered!
HXNU: stress_test_hps_hook triggered!
HXNU: stress_test_hps_hook triggered!
HXNU: stress_test_hps_hook triggered!
HXNU: stress_test_hps_hook triggered!
HXNU: stress_test_hps_hook triggered!
HXNU: stress_test_hps_hook triggered!
HXNU: stress_test_hps_hook triggered!
HXNU: stress_test_hps_hook triggered!
HXNU: stress_test_hps_hook triggered!
HXNU: stress_test_hps_hook triggered!
HXNU: stress_test_hps_hook triggered!
HXNU: stress_test_hps_hook triggered!
HXNU: stress_test_hps_hook triggered!
HXNU: stress_test_hps_hook triggered!
HXNU: stress_test_hps_hook triggered!
HXNU: stress_test_hps_hook triggered!
HXNU: stress_test_hps_hook triggered!
HXNU: stress_test_hps_hook triggered!
HXNU: stress_test_hps_hook triggered!
HXNU: stress_test_hps_hook triggered!
HXNU: stress_test_hps_hook triggered!
HXNU: stress_test_hps_hook triggered!
HXNU: stress_test_hps_hook triggered!
HXNU: stress_test_hps_hook triggered!
HXNU: stress_test_hps_hook triggered!
HXNU: stress_test_hps_hook triggered!
HXNU: stress_test_hps_hook triggered!
HXNU: stress_test_hps_hook triggered!
HXNU: stress_test_hps_hook triggered!
HXNU: stress_test_hps_hook triggered!
HXNU: stress_test_hps_hook triggered!
HXNU: stress_test_hps_hook triggered!
HXNU: stress_test_hps_hook triggered!
HXNU: stress_test_hps_hook triggered!
HXNU: stress_test_hps_hook triggered!
HXNU: stress_test_hps_hook triggered!
HXNU: stress_test_hps_hook triggered!
HXNU: stress_test_hps_hook triggered!
HXNU: stress_test_hps_hook triggered!
HXNU: stress_test_hps_hook triggered!
HXNU: stress_test_hps_hook triggered!
HXNU: stress_test_hps_hook triggered!
HXNU: stress_test_hps_hook triggered!
HXNU: stress_test_hps_hook triggered!
HXNU: stress_test_hps_hook triggered!
HXNU: stress_test_hps_hook triggered!
HXNU: stress_test_hps_hook triggered!
HXNU: stress_test_hps_hook triggered!
HXNU: stress_test_hps_hook triggered!
HXNU: stress_test_hps_hook triggered!
HXNU: stress_test_hps_hook triggered!
HXNU: stress_test_hps_hook triggered!
HXNU: stress_test_hps_hook triggered!
HXNU: stress_test_hps_hook triggered!
HXNU: stress_test_hps_hook triggered!
HXNU: stress_test_hps_hook triggered!
HXNU: stress_test_hps_hook triggered!
HXNU: stress_test_hps_hook triggered!
HXNU: stress_test_hps_hook triggered!
HXNU: stress_test_hps_hook triggered!
HXNU: stress_test_hps_hook triggered!
HXNU: stress_test_hps_hook triggered!
HXNU: stress_test_hps_hook triggered!
HXNU: stress_test_hps_hook triggered!
HXNU: stress_test_hps_hook triggered!
HXNU: stress_test_hps_hook triggered!
HXNU: stress_test_hps_hook triggered!
HXNU: stress_test_hps_hook triggered!
HXNU: stress_test_hps_hook triggered!
HXNU: stress_test_hps_hook triggered!
HXNU: stress_test_hps_hook triggered!
HXNU: stress_test_hps_hook triggered!
HXNU: stress_test_hps_hook triggered!
HXNU: stress_test_hps_hook triggered!
HXNU: stress_test_hps_hook triggered!
HXNU: stress_test_hps_hook triggered!
HXNU: stress_test_hps_hook triggered!
HXNU: stress_test_hps_hook triggered!
HXNU: stress_test_hps_hook triggered!
HXNU: stress_test_hps_hook triggered!
HXNU: stress_test_hps_hook triggered!
HXNU: stress_test_hps_hook triggered!
HXNU: stress_test_hps_hook triggered!
HXNU: stress_test_hps_hook triggered!
HXNU: stress_test_hps_hook triggered!
HXNU: stress_test_hps_hook triggered!
HXNU: stress_test_hps_hook triggered!
HXNU: stress_test_hps_hook triggered!
HXNU: stress_test_hps_hook triggered!
HXNU: stress_test_hps_hook triggered!
HXNU: stress_test_hps_hook triggered!
HXNU: stress_test_hps_hook triggered!
HXNU: stress_test_hps_hook triggered!
HXNU: stress_test_hps_hook triggered!
HXNU: stress_test_hps_hook triggered!
HXNU: stress_test_hps_hook triggered!
HXNU: stress_test_hps_hook triggered!
HXNU: stress_test_hps_hook triggered!
HXNU: stress_test_hps_hook triggered!
HXNU: stress_test_hps_hook triggered!
HXNU: stress_test_hps_hook triggered!
HXNU: stress_test_hps_hook triggered!
HXNU: stress_test_hps_hook triggered!
HXNU: stress_test_hps_hook triggered!
HXNU: stress_test_hps_hook triggered!
HXNU: stress_test_hps_hook triggered!
HXNU: stress_test_hps_hook triggered!
HXNU: stress_test_hps_hook triggered!
HXNU: stress_test_hps_hook triggered!
HXNU: stress_test_hps_hook triggered!
HXNU: stress_test_hps_hook triggered!
HXNU: stress_test_hps_hook triggered!
HXNU: stress_test_hps_hook triggered!
HXNU: stress_test_hps_hook triggered!
HXNU: stress_test_hps_hook triggered!
HXNU: stress_test_hps_hook triggered!
HXNU: stress_test_hps_hook triggered!
HXNU: stress_test_hps_hook triggered!
HXNU: stress_test_hps_hook triggered!
HXNU: stress_test_hps_hook triggered!
HXNU: stress_test_hps_hook triggered!
HXNU: stress_test_hps_hook triggered!
HXNU: stress_test_hps_hook triggered!
HXNU: stress_test_hps_hook triggered!
HXNU: stress_test_hps_hook triggered!
HXNU: stress_test_hps_hook triggered!
HXNU: stress_test_hps_hook triggered!
HXNU: stress_test_hps_hook triggered!
HXNU: stress_test_hps_hook triggered!
HXNU: stress_test_hps_hook triggered!
HXNU: stress_test_hps_hook triggered!
HXNU: stress_test_hps_hook triggered!
HXNU: stress_test_hps_hook triggered!
HXNU: stress_test_hps_hook triggered!
HXNU: stress_test_hps_hook triggered!
HXNU: stress_test_hps_hook triggered!
HXNU: stress_test_hps_hook triggered!
HXNU: stress_test_hps_hook triggered!
HXNU: stress_test_hps_hook triggered!
HXNU: stress_test_hps_hook triggered!
HXNU: stress_test_hps_hook triggered!
HXNU: stress_test_hps_hook triggered!
HXNU: stress_test_hps_hook triggered!
HXNU: stress_test_hps_hook triggered!
HXNU: stress_test_hps_hook triggered!
HXNU: stress_test_hps_hook triggered!
HXNU: stress_test_hps_hook triggered!
HXNU: stress_test_hps_hook triggered!
HXNU: stress_test_hps_hook triggered!
HXNU: stress_test_hps_hook triggered!
HXNU: stress_test_hps_hook triggered!
HXNU: stress_test_hps_hook triggered!
HXNU: stress_test_hps_hook triggered!
HXNU: stress_test_hps_hook triggered!
HXNU: stress_test_hps_hook triggered!
HXNU: stress_test_hps_hook triggered!
HXNU: stress_test_hps_hook triggered!
HXNU: stress_test_hps_hook triggered!
HXNU: stress_test_hps_hook triggered!
HXNU: stress_test_hps_hook triggered!
HXNU: stress_test_hps_hook triggered!
HXNU: stress_test_hps_hook triggered!
HXNU: stress_test_hps_hook triggered!
HXNU: stress_test_hps_hook triggered!
HXNU: stress_test_hps_hook triggered!
HXNU: stress_test_hps_hook triggered!
HXNU: stress_test_hps_hook triggered!
HXNU: stress_test_hps_hook triggered!
HXNU: stress_test_hps_hook triggered!
HXNU: stress_test_hps_hook triggered!
HXNU: stress_test_hps_hook triggered!
HXNU: stress_test_hps_hook triggered!
HXNU: stress_test_hps_hook triggered!
HXNU: stress_test_hps_hook triggered!
HXNU: stress_test_hps_hook triggered!
HXNU: stress_test_hps_hook triggered!
HXNU: stress_test_hps_hook triggered!
HXNU: stress_test_hps_hook triggered!
HXNU: stress_test_hps_hook triggered!
HXNU: stress_test_hps_hook triggered!
HXNU: stress_test_hps_hook triggered!
HXNU: stress_test_hps_hook triggered!
HXNU: stress_test_hps_hook triggered!
HXNU: stress_test_hps_hook triggered!
HXNU: stress_test_hps_hook triggered!
HXNU: stress_test_hps_hook triggered!
HXNU: stress_test_hps_hook triggered!
HXNU: stress_test_hps_hook triggered!
HXNU: stress_test_hps_hook triggered!
HXNU: stress_test_hps_hook triggered!
HXNU: stress_test_hps_hook triggered!
HXNU: stress_test_hps_hook triggered!
HXNU: stress_test_hps_hook triggered!
HXNU: stress_test_hps_hook triggered!
HXNU: stress_test_hps_hook triggered!
HXNU: stress_test_hps_hook triggered!
HXNU: stress_test_hps_hook triggered!
HXNU: stress_test_hps_hook triggered!
HXNU: stress_test_hps_hook triggered!
HXNU: stress_test_hps_hook triggered!
HXNU: stress_test_hps_hook triggered!
HXNU: stress_test_hps_hook triggered!
HXNU: stress_test_hps_hook triggered!
HXNU: stress_test_hps_hook triggered!
HXNU: stress_test_hps_hook triggered!
HXNU: stress_test_hps_hook triggered!
HXNU: stress_test_hps_hook triggered!
HXNU: stress_test_hps_hook triggered!
HXNU: stress_test_hps_hook triggered!
HXNU: stress_test_hps_hook triggered!
HXNU: stress_test_hps_hook triggered!
HXNU: stress_test_hps_hook triggered!
HXNU: stress_test_hps_hook triggered!
HXNU: stress_test_hps_hook triggered!
HXNU: stress_test_hps_hook triggered!
HXNU: stress_test_hps_hook triggered!
HXNU: stress_test_hps_hook triggered!
HXNU: stress_test_hps_hook triggered!
HXNU: stress_test_hps_hook triggered!
HXNU: stress_test_hps_hook triggered!
HXNU: stress_test_hps_hook triggered!
HXNU: stress_test_hps_hook triggered!
HXNU: stress_test_hps_hook triggered!
HXNU: stress_test_hps_hook triggered!
HXNU: stress_test_hps_hook triggered!
HXNU: stress_test_hps_hook triggered!
HXNU: stress_test_hps_hook triggered!
HXNU: stress_test_hps_hook triggered!
HXNU: stress_test_hps_hook triggered!
HXNU: stress_test_hps_hook triggered!
HXNU: stress_test_hps_hook triggered!
HXNU: stress_test_hps_hook triggered!
HXNU: stress_test_hps_hook triggered!
HXNU: stress_test_hps_hook triggered!
HXNU: stress_test_hps_hook triggered!
HXNU: stress_test_hps_hook triggered!
HXNU: stress_test_hps_hook triggered!
HXNU: stress_test_hps_hook triggered!
HXNU: stress_test_hps_hook triggered!
HXNU: stress_test_hps_hook triggered!
HXNU: stress_test_hps_hook triggered!
HXNU: stress_test_hps_hook triggered!
HXNU: stress_test_hps_hook triggered!
HXNU: stress_test_hps_hook triggered!
HXNU: stress_test_hps_hook triggered!
HXNU: stress_test_hps_hook triggered!
HXNU: stress_test_hps_hook triggered!
HXNU: stress_test_hps_hook triggered!
HXNU: stress_test_hps_hook triggered!
HXNU: stress_test_hps_hook triggered!
HXNU: stress_test_hps_hook triggered!
HXNU: stress_test_hps_hook triggered!
HXNU: stress_test_hps_hook triggered!
HXNU: stress_test_hps_hook triggered!
HXNU: stress_test_hps_hook triggered!
HXNU: stress_test_hps_hook triggered!
HXNU: stress_test_hps_hook triggered!
HXNU: stress_test_hps_hook triggered!
HXNU: stress_test_hps_hook triggered!
HXNU: stress_test_hps_hook triggered!
HXNU: stress_test_hps_hook triggered!
HXNU: stress_test_hps_hook triggered!
HXNU: stress_test_hps_hook triggered!
HXNU: stress_test_hps_hook triggered!
HXNU: stress_test_hps_hook triggered!
HXNU: stress_test_hps_hook triggered!
HXNU: stress_test_hps_hook triggered!
HXNU: stress_test_hps_hook triggered!
HXNU: stress_test_hps_hook triggered!
HXNU: stress_test_hps_hook triggered!
HXNU: stress_test_hps_hook triggered!
HXNU: stress_test_hps_hook triggered!
HXNU: stress_test_hps_hook triggered!
HXNU: stress_test_hps_hook triggered!
HXNU: stress_test_hps_hook triggered!
HXNU: stress_test_hps_hook triggered!
HXNU: stress_test_hps_hook triggered!
HXNU: stress_test_hps_hook triggered!
HXNU: stress_test_hps_hook triggered!
HXNU: stress_test_hps_hook triggered!
HXNU: stress_test_hps_hook triggered!
HXNU: stress_test_hps_hook triggered!
HXNU: stress_test_hps_hook triggered!
HXNU: stress_test_hps_hook triggered!
HXNU: stress_test_hps_hook triggered!
HXNU: stress_test_hps_hook triggered!
HXNU: stress_test_hps_hook triggered!
HXNU: stress_test_hps_hook triggered!
HXNU: stress_test_hps_hook triggered!
HXNU: stress_test_hps_hook triggered!
HXNU: stress_test_hps_hook triggered!
HXNU: stress_test_hps_hook triggered!
HXNU: stress_test_hps_hook triggered!
HXNU: stress_test_hps_hook triggered!
HXNU: stress_test_hps_hook triggered!
HXNU: stress_test_hps_hook triggered!
HXNU: stress_test_hps_hook triggered!
HXNU: stress_test_hps_hook triggered!
HXNU: stress_test_hps_hook triggered!
HXNU: stress_test_hps_hook triggered!
HXNU: stress_test_hps_hook triggered!
HXNU: stress_test_hps_hook triggered!
HXNU: stress_test_hps_hook triggered!
HXNU: stress_test_hps_hook triggered!
HXNU: stress_test_hps_hook triggered!
HXNU: stress_test_hps_hook triggered!
HXNU: stress_test_hps_hook triggered!
HXNU: stress_test_hps_hook triggered!
HXNU: stress_test_hps_hook triggered!
HXNU: stress_test_hps_hook triggered!
HXNU: stress_test_hps_hook triggered!
HXNU: stress_test_hps_hook triggered!
HXNU: stress_test_hps_hook triggered!
HXNU: stress_test_hps_hook triggered!
HXNU: stress_test_hps_hook triggered!
HXNU: stress_test_hps_hook triggered!
HXNU: stress_test_hps_hook triggered!
HXNU: stress_test_hps_hook triggered!
HXNU: stress_test_hps_hook triggered!
HXNU: stress_test_hps_hook triggered!
HXNU: stress_test_hps_hook triggered!
HXNU: stress_test_hps_hook triggered!
HXNU: stress_test_hps_hook triggered!
HXNU: stress_test_hps_hook triggered!
HXNU: stress_test_hps_hook triggered!
HXNU: stress_test_hps_hook triggered!
HXNU: stress_test_hps_hook triggered!
HXNU: stress_test_hps_hook triggered!
HXNU: stress_test_hps_hook triggered!
HXNU: stress_test_hps_hook triggered!
HXNU: stress_test_hps_hook triggered!
HXNU: stress_test_hps_hook triggered!
HXNU: stress_test_hps_hook triggered!
HXNU: stress_test_hps_hook triggered!
HXNU: stress_test_hps_hook triggered!
HXNU: stress_test_hps_hook triggered!
HXNU: stress_test_hps_hook triggered!
HXNU: stress_test_hps_hook triggered!
HXNU: stress_test_hps_hook triggered!
HXNU: stress_test_hps_hook triggered!
HXNU: stress_test_hps_hook triggered!
HXNU: stress_test_hps_hook triggered!
HXNU: stress_test_hps_hook triggered!
HXNU: stress_test_hps_hook triggered!
HXNU: stress_test_hps_hook triggered!
HXNU: stress_test_hps_hook triggered!
HXNU: stress_test_hps_hook triggered!
HXNU: stress_test_hps_hook triggered!
HXNU: stress_test_hps_hook triggered!
HXNU: stress_test_hps_hook triggered!
HXNU: stress_test_hps_hook triggered!
HXNU: stress_test_hps_hook triggered!
HXNU: stress_test_hps_hook triggered!
HXNU: stress_test_hps_hook triggered!
HXNU: stress_test_hps_hook triggered!
HXNU: stress_test_hps_hook triggered!
HXNU: stress_test_hps_hook triggered!
HXNU: stress_test_hps_hook triggered!
HXNU: stress_test_hps_hook triggered!
HXNU: stress_test_hps_hook triggered!
HXNU: stress_test_hps_hook triggered!
HXNU: stress_test_hps_hook triggered!
HXNU: stress_test_hps_hook triggered!
HXNU: stress_test_hps_hook triggered!
HXNU: stress_test_hps_hook triggered!
HXNU: stress_test_hps_hook triggered!
HXNU: stress_test_hps_hook triggered!
HXNU: stress_test_hps_hook triggered!
HXNU: stress_test_hps_hook triggered!
HXNU: stress_test_hps_hook triggered!
qemu-system-x86_64: terminating on signal 2 from pid 1440316 (bash)
